
> frontend@0.0.0 build
> tsc -b && vite build

src/components/dashboard/app-sidebar.tsx(11,5): error TS6133: 'Search' is declared but its value is never read.
